// Jest Snapshot v1, https://goo.gl/fbAQLP

exports[`Image component renders Image component as expected 1`] = `
<div
  className="main-gallery-img-div"
>
  <div>
    <img
      alt="aircraft carrier image"
      className="main-gallery-img"
      onClick={[Function]}
      style={
        Object {
          "display": "flex",
          "justifyContent": "center",
        }
      }
    />
    name: 
    <br />
    type: 
    <br />
    number of aircrafts: 
    0
  </div>
  <br />
  <div
    style={
      Object {
        "display": "flex",
        "justifyContent": "center",
      }
    }
  >
    <button
      onClick={[Function]}
    >
      Click to See/Clear
    </button>
  </div>
</div>
`;
